C51 COMPILER V9.02   LED                                                                   03/12/2013 14:46:15 PAGE 1   


C51 COMPILER V9.02, COMPILATION OF MODULE LED
OBJECT MODULE PLACED IN Led.OBJ
COMPILER INVOKED BY: D:\Program Files\Keil\C51\BIN\C51.EXE Led.c BROWSE DEBUG OBJECTEXTEND

line level    source

   1          #include <Led.h>
   2          
   3          sbit LS138A = P2^2;     //定义138译码器的输入A脚由P2.2控制 
   4          sbit LS138B = P2^3;         //定义138译码器的输入脚B由P2.3控制
   5          sbit LS138C = P2^4;     //定义138译码器的输入脚C由P2.4控制
   6          
   7          void delay(unsigned int i);      //函数声名
   8          
   9          char DelayCNT;
  10          //此表为 LED 的字模, 共阴数码管 0-9  - 
  11          unsigned char code Disp_Tab[] = {0x3f,0x06,0x5b,0x4f,0x66,0x6d,0x7d,0x07,0x7f,0x6f,0x40};
  12          
  13          void Led(int Count)
  14          {
  15   1              unsigned int i;
  16   1              unsigned int LedOut[10];
  17   1      
  18   1              LedOut[0]=Disp_Tab[Count%10000/1000];           //千位
  19   1              LedOut[1]=Disp_Tab[Count%1000/100];                     //百位
  20   1              LedOut[2]=Disp_Tab[Count%100/10];                       //十位
  21   1              LedOut[3]=Disp_Tab[Count%10];                           //个位   
  22   1              
  23   1              for( i=0; i<4; i++)  //实现8位动态扫描循环
  24   1              {        
  25   2                      P1 = LedOut[i];  //将字模送到P0口显示
  26   2                              
  27   2                      switch(i)         //使用switch 语句控制位选  也可以是用查表的方式 学员可以试着自己修改                            
  28   2                  {       
  29   3                              case 0:LS138A=0; LS138B=0; LS138C=0;  break;         
  30   3                      case 1:LS138A=1; LS138B=0; LS138C=0;  break;                    
  31   3                      case 2:LS138A=0; LS138B=1; LS138C=0;  break; 
  32   3                      case 3:LS138A=1; LS138B=1; LS138C=0;  break; 
  33   3                              default: break;  
  34   3                      }
  35   2                      delay(150);
  36   2              }
  37   1      
  38   1              //P2=(char)Count;
  39   1      }
  40          
  41          /***************************************************************************
  42          *                                                                                                                                                  *
  43          *                                   延时程序                                                           *
  44          ****************************************************************************/
  45          void delay(unsigned int i)
  46          {
  47   1          char j;
  48   1          for(i; i > 0; i--)
  49   1              for(j = 200; j > 0; j--);
  50   1      }


MODULE INFORMATION:   STATIC OVERLAYABLE
   CODE SIZE        =    263    ----
   CONSTANT SIZE    =     11    ----
C51 COMPILER V9.02   LED                                                                   03/12/2013 14:46:15 PAGE 2   

   XDATA SIZE       =   ----    ----
   PDATA SIZE       =   ----    ----
   DATA SIZE        =      1      22
   IDATA SIZE       =   ----    ----
   BIT SIZE         =   ----    ----
END OF MODULE INFORMATION.


C51 COMPILATION COMPLETE.  0 WARNING(S),  0 ERROR(S)
